---
source: workload/src/fabric/cluster.rs
expression: "&cluster"
---
planes:
  - - id: 16
      kind: Switch
    - id: 17
      kind: Switch
  - - id: 18
      kind: Switch
    - id: 19
      kind: Switch
pods:
  - fabs:
      - id: 12
        kind: Switch
      - id: 13
        kind: Switch
    racks:
      - tor:
          id: 8
          kind: Switch
        hosts:
          - id: 0
            kind: Host
          - id: 1
            kind: Host
        host2tor:
          - a: 0
            b: 8
            bandwidth: 10000000000
            delay: 1000
          - a: 1
            b: 8
            bandwidth: 10000000000
            delay: 1000
      - tor:
          id: 9
          kind: Switch
        hosts:
          - id: 2
            kind: Host
          - id: 3
            kind: Host
        host2tor:
          - a: 2
            b: 9
            bandwidth: 10000000000
            delay: 1000
          - a: 3
            b: 9
            bandwidth: 10000000000
            delay: 1000
    tor2fab:
      - a: 8
        b: 12
        bandwidth: 40000000000
        delay: 1000
      - a: 8
        b: 13
        bandwidth: 40000000000
        delay: 1000
      - a: 9
        b: 12
        bandwidth: 40000000000
        delay: 1000
      - a: 9
        b: 13
        bandwidth: 40000000000
        delay: 1000
  - fabs:
      - id: 14
        kind: Switch
      - id: 15
        kind: Switch
    racks:
      - tor:
          id: 10
          kind: Switch
        hosts:
          - id: 4
            kind: Host
          - id: 5
            kind: Host
        host2tor:
          - a: 4
            b: 10
            bandwidth: 10000000000
            delay: 1000
          - a: 5
            b: 10
            bandwidth: 10000000000
            delay: 1000
      - tor:
          id: 11
          kind: Switch
        hosts:
          - id: 6
            kind: Host
          - id: 7
            kind: Host
        host2tor:
          - a: 6
            b: 11
            bandwidth: 10000000000
            delay: 1000
          - a: 7
            b: 11
            bandwidth: 10000000000
            delay: 1000
    tor2fab:
      - a: 10
        b: 14
        bandwidth: 40000000000
        delay: 1000
      - a: 10
        b: 15
        bandwidth: 40000000000
        delay: 1000
      - a: 11
        b: 14
        bandwidth: 40000000000
        delay: 1000
      - a: 11
        b: 15
        bandwidth: 40000000000
        delay: 1000
fab2spine:
  - a: 12
    b: 16
    bandwidth: 40000000000
    delay: 1000
  - a: 12
    b: 17
    bandwidth: 40000000000
    delay: 1000
  - a: 13
    b: 18
    bandwidth: 40000000000
    delay: 1000
  - a: 13
    b: 19
    bandwidth: 40000000000
    delay: 1000
  - a: 14
    b: 16
    bandwidth: 40000000000
    delay: 1000
  - a: 14
    b: 17
    bandwidth: 40000000000
    delay: 1000
  - a: 15
    b: 18
    bandwidth: 40000000000
    delay: 1000
  - a: 15
    b: 19
    bandwidth: 40000000000
    delay: 1000

